
> khors2@0.1.0 build
> next build

▲ Next.js 16.3.2 (Turbopack)
⚠ Warning: Next.js ignored package-lock.json in C:\Users\DELL because it is outside the current Git repository (C:\Users\DELL\Desktop\khors2).
 To use this directory, set `turbopack.root` in your Next.js config.

✓ Running next.config.ts took 29ms

  Creating an optimized production build ...
✓ Compiled successfully in 7.4s
  Running TypeScript ...
  Finished TypeScript in 4.0s ...
  Collecting page data using 5 workers ...
  Generating static pages using 5 workers (0/4) ...
  Generating static pages using 5 workers (1/4) 
  Generating static pages using 5 workers (2/4) 
  Generating static pages using 5 workers (3/4) 
✓ Generating static pages using 5 workers (4/4) in 987ms
  Finalizing page optimization ...

Route (app)
┌ ○ /
└ ○ /_not-found


○  (Static)  prerendered as static content

